// Jest Snapshot v1, https://goo.gl/fbAQLP

exports[`Component Auth Render renders without crashing given the required props 1`] = `
<div>
  <ForwardRef(Dialog)
    open={true}
  >
    <div />
    <ForwardRef(DialogTitle)
      className="end-to-end-auth-selector"
    >
      Admin Login
    </ForwardRef(DialogTitle)>
    <ForwardRef(DialogContent)>
      <ForwardRef(Grid)
        container={true}
        spacing={1}
      >
        <ForwardRef(Grid)
          item={true}
          xs={12}
        >
          <ForwardRef(TextField)
            fullWidth={true}
            inputRef={
              Object {
                "current": undefined,
              }
            }
            label="Login"
            variant="outlined"
          />
        </ForwardRef(Grid)>
        <ForwardRef(Grid)
          item={true}
          xs={12}
        >
          <ForwardRef(TextField)
            fullWidth={true}
            inputRef={
              Object {
                "current": undefined,
              }
            }
            label="Password"
            type="password"
            variant="outlined"
          />
        </ForwardRef(Grid)>
      </ForwardRef(Grid)>
    </ForwardRef(DialogContent)>
    <ForwardRef(DialogActions)>
      <ForwardRef(Button)
        color="primary"
        disabled={false}
        onClick={[Function]}
      >
        Login
      </ForwardRef(Button)>
    </ForwardRef(DialogActions)>
  </ForwardRef(Dialog)>
</div>
`;
