// Jest Snapshot v1, https://goo.gl/fbAQLP

exports[`Component Results Render renders without crashing given the required props 1`] = `<div />`;
