// Jest Snapshot v1, https://goo.gl/fbAQLP

exports[`Component Students Render renders without crashing given the required props 1`] = `
<ForwardRef(Grid)
  container={true}
  spacing={1}
>
  <ForwardRef(Grid)
    item={true}
    xs={12}
  >
    <ForwardRef(LinearProgress) />
  </ForwardRef(Grid)>
</ForwardRef(Grid)>
`;
